// Jest Snapshot v1, https://goo.gl/fbAQLP

exports[`Dracula contra superficies snapshot da tabela canonica para detectar regressao 1`] = `
[
  {
    "aa": true,
    "cor": "fg",
    "lg": true,
    "ratio": 17.1,
    "sobre": "bgPage",
  },
  {
    "aa": true,
    "cor": "fg",
    "lg": true,
    "ratio": 13.36,
    "sobre": "bg",
  },
  {
    "aa": true,
    "cor": "fg",
    "lg": true,
    "ratio": 15.35,
    "sobre": "bgAlt",
  },
  {
    "aa": true,
    "cor": "fg",
    "lg": true,
    "ratio": 8.59,
    "sobre": "bgElev",
  },
  {
    "aa": true,
    "cor": "muted",
    "lg": true,
    "ratio": 11.03,
    "sobre": "bgPage",
  },
  {
    "aa": true,
    "cor": "muted",
    "lg": true,
    "ratio": 8.62,
    "sobre": "bg",
  },
  {
    "aa": true,
    "cor": "muted",
    "lg": true,
    "ratio": 9.9,
    "sobre": "bgAlt",
  },
  {
    "aa": true,
    "cor": "muted",
    "lg": true,
    "ratio": 5.54,
    "sobre": "bgElev",
  },
  {
    "aa": false,
    "cor": "mutedDecor",
    "lg": true,
    "ratio": 3.87,
    "sobre": "bgPage",
  },
  {
    "aa": false,
    "cor": "mutedDecor",
    "lg": true,
    "ratio": 3.03,
    "sobre": "bg",
  },
  {
    "aa": false,
    "cor": "mutedDecor",
    "lg": true,
    "ratio": 3.48,
    "sobre": "bgAlt",
  },
  {
    "aa": false,
    "cor": "mutedDecor",
    "lg": false,
    "ratio": 1.94,
    "sobre": "bgElev",
  },
  {
    "aa": true,
    "cor": "purple",
    "lg": true,
    "ratio": 7.56,
    "sobre": "bgPage",
  },
  {
    "aa": true,
    "cor": "purple",
    "lg": true,
    "ratio": 5.9,
    "sobre": "bg",
  },
  {
    "aa": true,
    "cor": "purple",
    "lg": true,
    "ratio": 6.78,
    "sobre": "bgAlt",
  },
  {
    "aa": false,
    "cor": "purple",
    "lg": true,
    "ratio": 3.79,
    "sobre": "bgElev",
  },
  {
    "aa": true,
    "cor": "pink",
    "lg": true,
    "ratio": 7.64,
    "sobre": "bgPage",
  },
  {
    "aa": true,
    "cor": "pink",
    "lg": true,
    "ratio": 5.97,
    "sobre": "bg",
  },
  {
    "aa": true,
    "cor": "pink",
    "lg": true,
    "ratio": 6.86,
    "sobre": "bgAlt",
  },
  {
    "aa": false,
    "cor": "pink",
    "lg": true,
    "ratio": 3.84,
    "sobre": "bgElev",
  },
  {
    "aa": true,
    "cor": "cyan",
    "lg": true,
    "ratio": 13.17,
    "sobre": "bgPage",
  },
  {
    "aa": true,
    "cor": "cyan",
    "lg": true,
    "ratio": 10.29,
    "sobre": "bg",
  },
  {
    "aa": true,
    "cor": "cyan",
    "lg": true,
    "ratio": 11.82,
    "sobre": "bgAlt",
  },
  {
    "aa": true,
    "cor": "cyan",
    "lg": true,
    "ratio": 6.61,
    "sobre": "bgElev",
  },
  {
    "aa": true,
    "cor": "green",
    "lg": true,
    "ratio": 13.28,
    "sobre": "bgPage",
  },
  {
    "aa": true,
    "cor": "green",
    "lg": true,
    "ratio": 10.38,
    "sobre": "bg",
  },
  {
    "aa": true,
    "cor": "green",
    "lg": true,
    "ratio": 11.92,
    "sobre": "bgAlt",
  },
  {
    "aa": true,
    "cor": "green",
    "lg": true,
    "ratio": 6.67,
    "sobre": "bgElev",
  },
  {
    "aa": true,
    "cor": "yellow",
    "lg": true,
    "ratio": 16.31,
    "sobre": "bgPage",
  },
  {
    "aa": true,
    "cor": "yellow",
    "lg": true,
    "ratio": 12.74,
    "sobre": "bg",
  },
  {
    "aa": true,
    "cor": "yellow",
    "lg": true,
    "ratio": 14.65,
    "sobre": "bgAlt",
  },
  {
    "aa": true,
    "cor": "yellow",
    "lg": true,
    "ratio": 8.19,
    "sobre": "bgElev",
  },
  {
    "aa": true,
    "cor": "orange",
    "lg": true,
    "ratio": 10.7,
    "sobre": "bgPage",
  },
  {
    "aa": true,
    "cor": "orange",
    "lg": true,
    "ratio": 8.36,
    "sobre": "bg",
  },
  {
    "aa": true,
    "cor": "orange",
    "lg": true,
    "ratio": 9.6,
    "sobre": "bgAlt",
  },
  {
    "aa": true,
    "cor": "orange",
    "lg": true,
    "ratio": 5.37,
    "sobre": "bgElev",
  },
  {
    "aa": true,
    "cor": "red",
    "lg": true,
    "ratio": 5.8,
    "sobre": "bgPage",
  },
  {
    "aa": true,
    "cor": "red",
    "lg": true,
    "ratio": 4.53,
    "sobre": "bg",
  },
  {
    "aa": true,
    "cor": "red",
    "lg": true,
    "ratio": 5.21,
    "sobre": "bgAlt",
  },
  {
    "aa": false,
    "cor": "red",
    "lg": false,
    "ratio": 2.91,
    "sobre": "bgElev",
  },
]
`;
